error at char 117 index 77
error at char 122 index 71
error at char 130 index 77
error at char 132 index 35
error at char 137 index 1
error at char 142 index 77
error at char 149 index 77
error at char 152 index 71
error at char 154 index 76
error at char 155 index 77
error at char 158 index 77
error at char 161 index 77
error at char 164 index 77
error at char 176 index 77
error at char 179 index 77
error at char 184 index 77
error at char 215 index 77
error at char 220 index 71
error at char 228 index 100
error at char 241 index 77
error at char 244 index 77
error at char 248 index 77
error at char 250 index 108
error at char 251 index 77
error at char 254 index 71
error at char 255 index 71
error at char 256 index 106
error at char 257 index 77
error at char 263 index 77
error at char 269 index 77
error at char 272 index 77
error at char 287 index 71
error at char 289 index 77
error at char 299 index 71
error at char 304 index 77
error at char 307 index 77
error at char 309 index 71
error at char 318 index 2
error at char 322 index 77
error at char 339 index 1
error at char 343 index 77
error at char 345 index 71
error at char 347 index 77
error at char 355 index 77
error at char 359 index 71
error at char 364 index 77
error at char 372 index 71
error at char 381 index 77
error at char 387 index 77
error at char 388 index 71
error at char 391 index 77
error at char 394 index 77
error at char 400 index 77
error at char 407 index 77
error at char 412 index 71
error at char 428 index 77
error at char 432 index 77
error at char 435 index 77
error at char 439 index 77
error at char 441 index 71
error at char 445 index 71
error at char 448 index 76
error at char 449 index 77
error at char 452 index 77
error at char 453 index 71
error at char 456 index 71
error at char 457 index 77
error at char 458 index 77
error at char 467 index 77
error at char 468 index 100
error at char 470 index 76
error at char 471 index 77
error at char 477 index 1
error at char 478 index 71
error at char 480 index 71
error at char 487 index 77
error at char 490 index 77
error at char 495 index 77
error at char 500 index 71
error at char 508 index 77
error at char 511 index 77
error at char 511 index 35
error at char 515 index 77
error at char 517 index 77
error at char 521 index 77
error at char 526 index 71
error at char 527 index 71
error at char 532 index 71
error at char 536 index 77
error at char 538 index 77
error at char 539 index 67
error at char 540 index 77
error at char 552 index 71
error at char 559 index 71
error at char 561 index 71
error at char 566 index 77
error at char 567 index 77
error at char 570 index 71
error at char 576 index 77
error at char 578 index 77
error at char 582 index 3
error at char 583 index 71
error at char 589 index 77
error at char 596 index 71
error at char 602 index 77
error at char 606 index 71
error at char 607 index 71
error at char 608 index 100
error at char 612 index 77
error at char 617 index 76
error at char 623 index 77
error at char 624 index 71
error at char 633 index 71
error at char 637 index 77
error at char 638 index 77
error at char 653 index 67
error at char 654 index 77
error at char 674 index 77
error at char 683 index 71
error at char 686 index 77
error at char 688 index 35
error at char 688 index 71
error at char 692 index 71
error at char 693 index 100
error at char 695 index 77
error at char 700 index 106
error at char 700 index 102
error at char 700 index 102
error at char 707 index 71
error at char 711 index 71
error at char 716 index 71
error at char 717 index 71
error at char 730 index 77
error at char 733 index 2
error at char 738 index 76
error at char 743 index 77
error at char 748 index 77
error at char 758 index 77
error at char 763 index 100
error at char 766 index 77
error at char 767 index 71
error at char 773 index 71
error at char 786 index 77
error at char 790 index 77
error at char 792 index 77
error at char 793 index 71
error at char 795 index 77
error at char 803 index 77
error at char 813 index 77
error at char 821 index 71
error at char 824 index 71
error at char 830 index 77
error at char 840 index 71
error at char 841 index 100
error at char 844 index 1
error at char 845 index 71
error at char 852 index 2
error at char 856 index 71
error at char 857 index 71
error at char 862 index 71
error at char 863 index 71
error at char 872 index 71
error at char 877 index 71
error at char 881 index 77
error at char 884 index 77
error at char 885 index 71
error at char 895 index 77
error at char 900 index 71
error at char 906 index 77
error at char 910 index 71
error at char 913 index 71
error at char 916 index 71
error at char 926 index 77
error at char 930 index 2
error at char 933 index 77
error at char 937 index 77
error at char 941 index 67
error at char 942 index 77
error at char 948 index 71
error at char 954 index 77
error at char 967 index 77
error at char 978 index 71
error at char 983 index 71
error at char 983 index 100
error at char 985 index 72
error at char 990 index 77
error at char 992 index 77
error at char 1001 index 71
error at char 1007 index 77
error at char 1010 index 72
error at char 1015 index 77
error at char 1018 index 77
error at char 1019 index 35
error at char 1019 index 77
error at char 1041 index 72
error at char 1044 index 77
error at char 1048 index 77
error at char 1052 index 77
error at char 1054 index 67
error at char 1058 index 77
error at char 1070 index 77
error at char 1085 index 71
error at char 1088 index 77
error at char 1090 index 77
error at char 1097 index 77
error at char 1100 index 77
error at char 1102 index 77
error at char 1103 index 71
error at char 1110 index 71
error at char 1116 index 77
error at char 1126 index 71
error at char 1131 index 67
error at char 1136 index 71
error at char 1137 index 71
error at char 1137 index 100
error at char 1141 index 71
error at char 1146 index 35
error at char 1149 index 77
error at char 1165 index 77
error at char 1170 index 71
error at char 1172 index 77
error at char 1177 index 77
error at char 1180 index 77
error at char 1188 index 77
error at char 1197 index 77
error at char 1204 index 71
error at char 1207 index 71
error at char 1208 index 100
error at char 1214 index 77
error at char 1219 index 77
error at char 1221 index 77
error at char 1222 index 71
error at char 1225 index 1
error at char 1226 index 71
error at char 1230 index 77
error at char 1239 index 77
error at char 1256 index 77
error at char 1268 index 77
error at char 1277 index 77
error at char 1283 index 71
error at char 1285 index 2
error at char 1294 index 71
error at char 1296 index 77
error at char 1301 index 77
error at char 1310 index 71
error at char 1312 index 77
error at char 1320 index 71
error at char 1329 index 77
error at char 1333 index 77
error at char 1335 index 77
error at char 1336 index 77
error at char 1350 index 77
error at char 1353 index 71
error at char 1357 index 77
error at char 1358 index 71
error at char 1363 index 77
error at char 1364 index 71
error at char 1366 index 2
error at char 1371 index 77
error at char 1372 index 71
error at char 1373 index 100
error at char 1377 index 71
error at char 1392 index 71
error at char 1396 index 77
error at char 1406 index 77
error at char 1409 index 35
error at char 1421 index 71
error at char 1422 index 71
error at char 1424 index 71
error at char 1438 index 77
error at char 1447 index 77
error at char 1452 index 71
error at char 1456 index 77
error at char 1468 index 77
error at char 1473 index 1
error at char 1479 index 77
error at char 1481 index 71
error at char 1483 index 77
error at char 1486 index 71
error at char 1496 index 77
error at char 1500 index 77
error at char 1518 index 77
error at char 1534 index 35
error at char 1537 index 71
error at char 1539 index 77
error at char 1542 index 67
error at char 1545 index 77
error at char 1557 index 77
error at char 1559 index 77
error at char 1565 index 71
error at char 1570 index 35
error at char 1570 index 71
error at char 1574 index 77
error at char 1580 index 72
error at char 1581 index 77
error at char 1587 index 77
error at char 1588 index 71
error at char 1589 index 77
error at char 1590 index 71
error at char 1594 index 77
error at char 1606 index 77
error at char 1608 index 77
error at char 1609 index 71
error at char 1613 index 77
error at char 1619 index 100
error at char 1622 index 2
error at char 1636 index 2
error at char 1638 index 107
error at char 1638 index 108
error at char 1638 index 105
error at char 1640 index 77
error at char 1643 index 77
error at char 1647 index 77
error at char 1650 index 77
error at char 1652 index 106
error at char 1653 index 105
error at char 1656 index 77
error at char 1658 index 77
error at char 1668 index 71
error at char 1682 index 35
error at char 1683 index 103
error at char 1683 index 111
error at char 1687 index 77
error at char 1690 index 77
error at char 1693 index 77
error at char 1694 index 71
error at char 1716 index 77
error at char 1717 index 71
error at char 1719 index 71
error at char 1725 index 2
error at char 1726 index 71
error at char 1730 index 77
error at char 1731 index 67
error at char 1737 index 77
error at char 1740 index 77
error at char 1744 index 77
error at char 1747 index 77
error at char 1748 index 71
error at char 1756 index 77
error at char 1770 index 71
error at char 1775 index 77
error at char 1790 index 77
error at char 1801 index 71
error at char 1804 index 77
error at char 1810 index 77
error at char 1812 index 77
error at char 1821 index 77
error at char 1828 index 77
error at char 1831 index 71
error at char 1834 index 77
error at char 1836 index 77
error at char 1838 index 35
error at char 1842 index 77
error at char 1847 index 77
error at char 1854 index 77
error at char 1857 index 71
error at char 1872 index 71
error at char 1873 index 71
error at char 1883 index 77
error at char 1887 index 2
error at char 1888 index 77
error at char 1889 index 67
error at char 1894 index 76
error at char 1903 index 71
error at char 1914 index 77
error at char 1917 index 77
error at char 1922 index 77
error at char 1928 index 77
error at char 1931 index 77
error at char 1934 index 35
error at char 1936 index 77
error at char 1937 index 77
error at char 1942 index 77
error at char 1946 index 77
error at char 1947 index 77
error at char 1955 index 76
error at char 1957 index 71
error at char 1967 index 77
error at char 1975 index 77
error at char 1984 index 77
error at char 1997 index 77
error at char 2002 index 71
error at char 2010 index 77
error at char 2013 index 76
error at char 2014 index 77
error at char 2023 index 71
error at char 2026 index 71
error at char 2031 index 77
error at char 2039 index 71
error at char 2047 index 77
error at char 2050 index 71
error at char 2058 index 71
error at char 2062 index 71
error at char 2076 index 77
error at char 2080 index 77
error at char 2086 index 77
error at char 2091 index 77
error at char 2102 index 77
error at char 2104 index 77
error at char 2107 index 71
error at char 2111 index 77
error at char 2117 index 71
error at char 2121 index 77
error at char 2126 index 71
error at char 2128 index 77
error at char 2130 index 77
error at char 2133 index 77
error at char 2140 index 77
error at char 2143 index 77
error at char 2145 index 77
error at char 2146 index 71
error at char 2149 index 77
error at char 2159 index 77
error at char 2160 index 71
error at char 2163 index 76
error at char 2164 index 77
error at char 2170 index 77
error at char 2171 index 71
error at char 2175 index 77
error at char 2178 index 77
error at char 2181 index 77
error at char 2184 index 35
error at char 2194 index 77
error at char 2197 index 71
error at char 2208 index 71
error at char 2214 index 71
error at char 2218 index 77
error at char 2223 index 71
error at char 2228 index 77
error at char 2229 index 67
error at char 2232 index 67
error at char 2240 index 77
error at char 2261 index 77
error at char 2269 index 71
error at char 2281 index 77
error at char 2282 index 71
error at char 2287 index 71
error at char 2292 index 77
error at char 2298 index 1
error at char 2307 index 77
error at char 2311 index 71
error at char 2315 index 71
error at char 2323 index 1
error at char 2334 index 77
error at char 2347 index 77
error at char 2359 index 77
error at char 2361 index 77
error at char 2371 index 77
error at char 2380 index 77
error at char 2396 index 77
error at char 2403 index 77
error at char 2403 index 35
error at char 2410 index 77
error at char 2412 index 77
error at char 2413 index 100
error at char 2417 index 71
error at char 2425 index 77
error at char 2432 index 77
error at char 2444 index 71
error at char 2449 index 77
error at char 2454 index 77
error at char 2457 index 3
error at char 2462 index 77
error at char 2470 index 77
error at char 2479 index 77
error at char 2490 index 77
error at char 2494 index 77
error at char 2496 index 77
error at char 2505 index 77
error at char 2507 index 77
error at char 2513 index 35
error at char 2518 index 77
error at char 2522 index 77
error at char 2526 index 77
error at char 2535 index 77
error at char 2536 index 77
error at char 2538 index 35
error at char 2547 index 77
error at char 2549 index 71
error at char 2550 index 71
error at char 2554 index 77
error at char 2560 index 71
error at char 2575 index 77
error at char 2581 index 71
error at char 2593 index 77
error at char 2610 index 77
error at char 2611 index 71
error at char 2619 index 71
error at char 2629 index 71
error at char 2630 index 71
error at char 2630 index 100
error at char 2630 index 100
error at char 2639 index 77
error at char 2641 index 77
error at char 2642 index 71
error at char 2648 index 35
error at char 2649 index 3
error at char 2652 index 76
error at char 2660 index 77
error at char 2663 index 67
error at char 2672 index 71
error at char 2679 index 77
error at char 2679 index 35
error at char 2679 index 100
error at char 2685 index 77
error at char 2690 index 77
error at char 2692 index 78
error at char 2693 index 67
error at char 2694 index 77
error at char 2700 index 77
error at char 2704 index 77
error at char 2704 index 35
error at char 2717 index 77
error at char 2718 index 71
error at char 2727 index 77
error at char 2735 index 71
error at char 2751 index 35
error at char 2756 index 35
error at char 2761 index 71
error at char 2765 index 77
error at char 2769 index 71
error at char 2772 index 77
error at char 2784 index 71
error at char 2790 index 35
error at char 2805 index 77
error at char 2811 index 71
error at char 2812 index 71
error at char 2812 index 100
error at char 2813 index 77
error at char 2822 index 71
error at char 2846 index 77
error at char 2851 index 77
error at char 2856 index 71
error at char 2860 index 77
error at char 2863 index 77
error at char 2867 index 2
error at char 2870 index 1
error at char 2875 index 77
error at char 2877 index 71
error at char 2880 index 71
error at char 2894 index 71
error at char 2895 index 100
error at char 2897 index 77
error at char 2899 index 77
error at char 2905 index 71
error at char 2915 index 77
error at char 2919 index 77
error at char 2920 index 77
error at char 2923 index 71
error at char 2926 index 71
error at char 2932 index 77
error at char 2936 index 77
error at char 2936 index 35
error at char 2950 index 71
error at char 2952 index 71
error at char 2955 index 71
error at char 2962 index 77
error at char 2968 index 71
error at char 2970 index 2
error at char 2971 index 77
error at char 2972 index 67
error at char 2976 index 72
error at char 2978 index 77
error at char 2985 index 35
error at char 2997 index 77
error at char 3009 index 77
error at char 3015 index 77
error at char 3031 index 77
error at char 3032 index 71
error at char 3035 index 77
error at char 3040 index 77
error at char 3041 index 77
error at char 3042 index 71
error at char 3045 index 77
error at char 3047 index 77
error at char 3055 index 77
error at char 3059 index 71
error at char 3064 index 77
error at char 3077 index 71
error at char 3088 index 35
error at char 3088 index 71
error at char 3095 index 77
error at char 3101 index 77
error at char 3103 index 71
error at char 3107 index 77
error at char 3111 index 77
error at char 3117 index 77
error at char 3133 index 77
error at char 3139 index 67
error at char 3142 index 77
error at char 3143 index 71
error at char 3152 index 71
error at char 3160 index 77
error at char 3162 index 71
error at char 3163 index 71
error at char 3166 index 77
error at char 3168 index 77
error at char 3172 index 77
error at char 3175 index 71
error at char 3182 index 71
error at char 3193 index 77
error at char 3196 index 77
error at char 3197 index 71
error at char 3200 index 71
error at char 3201 index 100
error at char 3204 index 77
error at char 3205 index 71
error at char 3214 index 77
error at char 3220 index 71
error at char 3227 index 71
error at char 3244 index 100
error at char 3256 index 35
error at char 3256 index 71
error at char 3260 index 77
error at char 3268 index 77
error at char 3271 index 77
error at char 3272 index 35
error at char 3273 index 71
error at char 3277 index 77
error at char 3278 index 77
error at char 3279 index 35
error at char 3285 index 71
error at char 3293 index 71
error at char 3297 index 77
error at char 3299 index 78
error at char 3303 index 77
error at char 3311 index 77
error at char 3314 index 71
error at char 3341 index 71
error at char 3343 index 71
error at char 3344 index 71
error at char 3349 index 77
error at char 3351 index 77
error at char 3353 index 35
error at char 3365 index 77
error at char 3368 index 77
error at char 3379 index 77
error at char 3391 index 77
error at char 3395 index 77
error at char 3400 index 77
error at char 3405 index 77
error at char 3406 index 77
error at char 3411 index 77
error at char 3414 index 77
error at char 3415 index 35
error at char 3417 index 76
error at char 3417 index 35
error at char 3417 index 77
error at char 3420 index 77
error at char 3423 index 77
error at char 3425 index 77
error at char 3429 index 71
error at char 3465 index 77
error at char 3466 index 67
error at char 3483 index 71
error at char 3485 index 2
error at char 3488 index 71
error at char 3491 index 77
error at char 3512 index 77
error at char 3518 index 77
error at char 3532 index 71
error at char 3540 index 71
error at char 3548 index 77
error at char 3549 index 71
error at char 3559 index 77
error at char 3562 index 77
error at char 3565 index 71
error at char 3570 index 77
error at char 3580 index 77
error at char 3606 index 77
error at char 3609 index 77
error at char 3614 index 77
error at char 3615 index 77
error at char 3616 index 71
error at char 3620 index 77
error at char 3627 index 77
error at char 3629 index 77
error at char 3630 index 77
error at char 3635 index 71
error at char 3640 index 77
error at char 3658 index 77
error at char 3667 index 71
error at char 3673 index 77
error at char 3675 index 35
error at char 3675 index 71
error at char 3677 index 71
error at char 3680 index 71
error at char 3682 index 67
error at char 3683 index 77
error at char 3689 index 77
error at char 3692 index 67
error at char 3702 index 77
error at char 3703 index 77
error at char 3708 index 71
error at char 3710 index 71
error at char 3712 index 71
error at char 3716 index 100
error at char 3719 index 2
error at char 3727 index 3
error at char 3731 index 77
error at char 3732 index 71
error at char 3738 index 77
error at char 3748 index 77
error at char 3750 index 71
error at char 3752 index 77
error at char 3755 index 77
error at char 3756 index 71
error at char 3760 index 77
error at char 3761 index 71
error at char 3765 index 77
error at char 3773 index 71
error at char 3776 index 71
error at char 3787 index 71
error at char 3804 index 67
error at char 3805 index 77
error at char 3810 index 71
error at char 3818 index 71
error at char 3818 index 100
error at char 3821 index 35
error at char 3821 index 77
error at char 3826 index 77
error at char 3834 index 77
error at char 3834 index 35
error at char 3834 index 71
error at char 3839 index 77
error at char 3839 index 35
error at char 3853 index 77
error at char 3854 index 77
error at char 3866 index 77
error at char 3868 index 77
error at char 3869 index 77
error at char 3872 index 77
error at char 3884 index 77
error at char 3885 index 77
error at char 3889 index 100
error at char 3899 index 77
error at char 3911 index 77
error at char 3913 index 77
error at char 3920 index 67
error at char 3921 index 77
error at char 3924 index 71
error at char 3931 index 77
error at char 3940 index 77
error at char 3941 index 77
error at char 3955 index 71
error at char 3960 index 77
error at char 3963 index 77
error at char 3975 index 77
error at char 3976 index 71
error at char 3981 index 77
error at char 3990 index 71
error at char 3993 index 3
error at char 3995 index 77
error at char 4005 index 77
error at char 4012 index 77
error at char 4016 index 77
error at char 4020 index 71
error at char 4024 index 71
error at char 4027 index 71
error at char 4030 index 71
error at char 4033 index 77
error at char 4036 index 77
error at char 4037 index 71
error at char 4039 index 76
error at char 4039 index 1
error at char 4040 index 71
error at char 4046 index 77
error at char 4047 index 77
error at char 4059 index 77
error at char 4067 index 71
error at char 4068 index 71
error at char 4071 index 100
error at char 4081 index 67
error at char 4082 index 71
error at char 4086 index 77
error at char 4087 index 71
error at char 4088 index 77
error at char 4089 index 71
error at char 4093 index 77
error at char 4098 index 71
error at char 4099 index 100
error at char 4100 index 77
error at char 4103 index 71
error at char 4114 index 77
error at char 4116 index 77
error at char 4117 index 71
error at char 4121 index 77
error at char 4130 index 77
error at char 4142 index 77
error at char 4144 index 77
error at char 4147 index 77
error at char 4149 index 35
error at char 4156 index 77
error at char 4163 index 71
error at char 4168 index 77
error at char 4184 index 77
error at char 4197 index 77
error at char 4201 index 77
error at char 4204 index 77
error at char 4207 index 71
error at char 4214 index 71
error at char 4215 index 100
error at char 4220 index 71
error at char 4231 index 77
error at char 4234 index 77
error at char 4238 index 71
error at char 4243 index 77
error at char 4245 index 71
error at char 4249 index 77
error at char 4262 index 77
error at char 4265 index 71
error at char 4268 index 1
error at char 4275 index 77
error at char 4284 index 71
error at char 4312 index 77
error at char 4324 index 77
error at char 4328 index 77
error at char 4336 index 71
error at char 4339 index 77
error at char 4342 index 77
error at char 4346 index 71
error at char 4349 index 77
error at char 4356 index 71
error at char 4359 index 35
error at char 4362 index 77
error at char 4366 index 71
error at char 4372 index 77
error at char 4375 index 77
error at char 4378 index 71
error at char 4379 index 71
error at char 4385 index 71
error at char 4389 index 77
error at char 4402 index 77
error at char 4405 index 77
error at char 4407 index 77
error at char 4410 index 77
error at char 4415 index 2
error at char 4439 index 77
error at char 4444 index 71
error at char 4448 index 77
error at char 4464 index 77
error at char 4467 index 77
error at char 4469 index 35
error at char 4469 index 71
error at char 4474 index 71
error at char 4486 index 77
error at char 4490 index 77
error at char 4498 index 77
error at char 4501 index 77
error at char 4505 index 77
error at char 4516 index 77
error at char 4523 index 77
error at char 4533 index 77
error at char 4536 index 77
error at char 4538 index 71
error at char 4541 index 77
error at char 4548 index 77
error at char 4551 index 71
error at char 4553 index 71
error at char 4556 index 71
error at char 4560 index 100
error at char 4571 index 77
error at char 4573 index 77
error at char 4578 index 71
error at char 4581 index 77
error at char 4584 index 71
error at char 4587 index 71
error at char 4591 index 77
error at char 4597 index 77
error at char 4601 index 77
error at char 4608 index 71
error at char 4611 index 77
error at char 4615 index 77
error at char 4622 index 77
error at char 4631 index 77
error at char 4641 index 77
error at char 4644 index 77
error at char 4654 index 35
error at char 4660 index 35
error at char 4660 index 71
error at char 4670 index 77
error at char 4672 index 77
error at char 4673 index 67
error at char 4674 index 77
error at char 4686 index 77
error at char 4690 index 77
error at char 4693 index 77
error at char 4699 index 71
error at char 4701 index 77
error at char 4711 index 71
error at char 4715 index 77
error at char 4721 index 77
error at char 4723 index 35
error at char 4726 index 77
error at char 4728 index 100
error at char 4735 index 71
error at char 4741 index 77
error at char 4745 index 77
error at char 4755 index 77
error at char 4757 index 71
error at char 4766 index 77
error at char 4778 index 77
error at char 4794 index 77
error at char 4800 index 71
error at char 4806 index 77
error at char 4807 index 100
error at char 4809 index 77
error at char 4812 index 77
error at char 4821 index 77
error at char 4822 index 71
error at char 4828 index 77
error at char 4831 index 77
error at char 4834 index 71
error at char 4845 index 78
error at char 4855 index 71
error at char 4863 index 71
error at char 4865 index 71
error at char 4868 index 100
error at char 4873 index 35
error at char 4883 index 71
error at char 4886 index 67
error at char 4890 index 77
error at char 4893 index 71
error at char 4905 index 71
error at char 4909 index 1
error at char 4920 index 77
error at char 4926 index 1
error at char 4927 index 71
error at char 4929 index 71
error at char 4931 index 77
error at char 4940 index 77
error at char 4941 index 71
error at char 4943 index 77
error at char 4946 index 100
error at char 4953 index 71
error at char 4963 index 100
error at char 4973 index 77
error at char 4977 index 2
error at char 4978 index 71
error at char 4989 index 77
error at char 4995 index 71
error at char 4997 index 71
error at char 5003 index 77
error at char 5007 index 77
error at char 5018 index 71
error at char 5024 index 67
error at char 5027 index 71
error at char 5030 index 77
error at char 5035 index 77
error at char 5036 index 71
error at char 5039 index 76
error at char 5040 index 77
error at char 5042 index 77
error at char 5051 index 77
error at char 5053 index 71
error at char 5057 index 71
error at char 5063 index 100
error at char 5077 index 71
error at char 5079 index 2
error at char 5080 index 71
error at char 5085 index 77
error at char 5089 index 2
error at char 5090 index 77
error at char 5094 index 77
error at char 5096 index 35
error at char 5096 index 71
error at char 5101 index 77
error at char 5104 index 77
error at char 5106 index 35
error at char 5117 index 77
error at char 5125 index 77
error at char 5129 index 77
error at char 5136 index 35
error at char 5136 index 77
error at char 5136 index 35
error at char 5152 index 71
error at char 5153 index 100
error at char 5161 index 35
error at char 5170 index 71
error at char 5188 index 77
error at char 5197 index 71
error at char 5203 index 2
error at char 5209 index 71
error at char 5213 index 71
error at char 5216 index 67
error at char 5217 index 77
error at char 5221 index 35
error at char 5228 index 71
error at char 5231 index 77
error at char 5235 index 77
error at char 5241 index 77
error at char 5244 index 71
error at char 5250 index 71
error at char 5258 index 71
error at char 5267 index 71
error at char 5272 index 77
error at char 5273 index 71
error at char 5276 index 78
error at char 5279 index 71
error at char 5283 index 71
error at char 5288 index 77
error at char 5290 index 35
error at char 5293 index 77
error at char 5295 index 71
error at char 5296 index 71
error at char 5306 index 71
error at char 5307 index 100
error at char 5316 index 77
error at char 5318 index 35
error at char 5339 index 77
error at char 5344 index 35
error at char 5355 index 77
error at char 5360 index 35
error at char 5360 index 77
error at char 5378 index 77
error at char 5383 index 77
error at char 5411 index 77
error at char 5414 index 77
error at char 5417 index 35
error at char 5417 index 77
error at char 5418 index 71
error at char 5423 index 71
error at char 5425 index 35
error at char 5425 index 77
error at char 5427 index 71
error at char 5431 index 77
error at char 5432 index 71
error at char 5437 index 77
error at char 5442 index 77
error at char 5444 index 77
error at char 5459 index 71
error at char 5463 index 77
error at char 5465 index 71
error at char 5477 index 67
error at char 5478 index 77
error at char 5479 index 71
error at char 5483 index 77
error at char 5484 index 71
error at char 5490 index 71
error at char 5503 index 71
error at char 5505 index 71
error at char 5512 index 71
error at char 5526 index 71
error at char 5529 index 77
error at char 5535 index 35
error at char 5539 index 77
error at char 5546 index 77
error at char 5550 index 71
error at char 5554 index 77
error at char 5566 index 71
error at char 5566 index 100
error at char 5569 index 77
error at char 5575 index 71
error at char 5586 index 77
error at char 5591 index 2
error at char 5592 index 77
error at char 5598 index 1
error at char 5601 index 71
error at char 5611 index 77
error at char 5620 index 72
error at char 5627 index 77
error at char 5629 index 77
error at char 5630 index 71
error at char 5636 index 77
error at char 5637 index 77
error at char 5641 index 77
error at char 5645 index 77
error at char 5647 index 77
error at char 5651 index 77
error at char 5658 index 71
error at char 5666 index 77
error at char 5673 index 71
error at char 5677 index 71
error at char 5682 index 71
error at char 5690 index 2
error at char 5707 index 77
error at char 5719 index 77
error at char 5725 index 71
error at char 5729 index 77
error at char 5735 index 100
error at char 5739 index 71
error at char 5749 index 71
error at char 5758 index 77
error at char 5765 index 77
error at char 5780 index 71
error at char 5782 index 77
error at char 5790 index 100
error at char 5799 index 77
error at char 5800 index 71
error at char 5803 index 77
error at char 5808 index 71
error at char 5811 index 77
error at char 5825 index 77
error at char 5828 index 67
error at char 5832 index 77
error at char 5850 index 77
error at char 5851 index 71
error at char 5856 index 77
error at char 5874 index 71
error at char 5875 index 71
error at char 5876 index 77
error at char 5877 index 77
error at char 5883 index 77
error at char 5891 index 77
error at char 5892 index 77
error at char 5899 index 77
error at char 5901 index 77
error at char 5902 index 71
error at char 5907 index 71
error at char 5912 index 35
error at char 5912 index 71
error at char 5917 index 2
error at char 5920 index 77
error at char 5924 index 77
error at char 5928 index 104
error at char 5928 index 103
error at char 5934 index 71
error at char 5939 index 77
error at char 5944 index 71
error at char 5946 index 106
error at char 5947 index 108
error at char 5949 index 77
error at char 5952 index 77
error at char 5956 index 77
error at char 5959 index 77
error at char 5960 index 71
error at char 5963 index 77
error at char 5967 index 71
error at char 5975 index 1
error at char 5978 index 103
error at char 5978 index 103
error at char 5978 index 108
error at char 5979 index 105
error at char 5980 index 105
error at char 5981 index 107
error at char 5981 index 106
error at char 5981 index 106
error at char 5982 index 107
error at char 5982 index 106
error at char 5982 index 107
error at char 5992 index 77
error at char 5994 index 35
error at char 5997 index 71
error at char 5999 index 77
error at char 6002 index 67
error at char 6014 index 71
error at char 6016 index 103
error at char 6016 index 105
error at char 6022 index 77
error at char 6025 index 77
error at char 6026 index 71
error at char 6028 index 103
error at char 6028 index 103
error at char 6033 index 77
error at char 6036 index 67
error at char 6037 index 77
error at char 6045 index 77
error at char 6048 index 71
error at char 6051 index 77
error at char 6057 index 77
error at char 6063 index 77
error at char 6063 index 35
error at char 6066 index 77
error at char 6069 index 35
error at char 6071 index 71
error at char 6093 index 71
error at char 6099 index 35
error at char 6114 index 77
error at char 6119 index 77
error at char 6132 index 77
error at char 6135 index 77
error at char 6140 index 106
error at char 6140 index 104
error at char 6140 index 105
error at char 6143 index 77
error at char 6154 index 106
error at char 6155 index 102
error at char 6157 index 35
error at char 6158 index 2
error at char 6160 index 105
error at char 6160 index 106
error at char 6160 index 105
error at char 6163 index 77
error at char 6166 index 77
error at char 6187 index 77
error at char 6203 index 71
error at char 6210 index 71
error at char 6213 index 71
error at char 6217 index 77
error at char 6224 index 77
error at char 6226 index 71
error at char 6229 index 77
error at char 6233 index 77
error at char 6239 index 77
error at char 6245 index 71
error at char 6265 index 77
error at char 6269 index 71
error at char 6272 index 77
error at char 6274 index 77
error at char 6281 index 77
error at char 6286 index 71
error at char 6290 index 77
error at char 6295 index 71
error at char 6298 index 71
error at char 6300 index 78
error at char 6303 index 77
error at char 6303 index 35
error at char 6305 index 77
error at char 6307 index 77
error at char 6318 index 71
error at char 6322 index 77
error at char 6326 index 77
error at char 6329 index 71
error at char 6335 index 77
error at char 6341 index 77
error at char 6342 index 71
error at char 6348 index 71
error at char 6349 index 77
error at char 6353 index 77
error at char 6356 index 71
error at char 6361 index 77
error at char 6362 index 71
error at char 6366 index 77
error at char 6378 index 77
error at char 6380 index 77
error at char 6386 index 77
error at char 6387 index 77
error at char 6391 index 77
error at char 6402 index 71
error at char 6406 index 77
error at char 6410 index 77
error at char 6412 index 77
error at char 6423 index 103
error at char 6423 index 111
error at char 6423 index 104
error at char 6426 index 77
error at char 6429 index 77
error at char 6432 index 77
error at char 6433 index 71
error at char 6442 index 77
error at char 6445 index 71
error at char 6448 index 71
error at char 6449 index 71
error at char 6453 index 71
error at char 6454 index 71
error at char 6463 index 77
error at char 6480 index 77
error at char 6480 index 35
error at char 6484 index 77
error at char 6486 index 71
error at char 6495 index 77
error at char 6499 index 71
error at char 6506 index 71
error at char 6512 index 77
error at char 6513 index 71
error at char 6516 index 77
error at char 6521 index 71
error at char 6531 index 77
error at char 6537 index 77
error at char 6540 index 77
error at char 6542 index 71
error at char 6546 index 77
error at char 6551 index 104
error at char 6551 index 102
error at char 6551 index 103
error at char 6551 index 105
error at char 6553 index 77
error at char 6555 index 77
error at char 6559 index 77
error at char 6560 index 77
error at char 6568 index 77
error at char 6573 index 2
error at char 6574 index 77
error at char 6581 index 77
error at char 6589 index 77
error at char 6592 index 71
error at char 6593 index 107
error at char 6593 index 107
error at char 6593 index 102
error at char 6595 index 67
error at char 6596 index 77
error at char 6600 index 71
error at char 6605 index 71
error at char 6611 index 77
error at char 6618 index 77
error at char 6632 index 71
error at char 6634 index 71
error at char 6635 index 71
error at char 6639 index 77
error at char 6642 index 77
error at char 6644 index 77
error at char 6648 index 77
error at char 6649 index 77
error at char 6656 index 67
error at char 6657 index 77
error at char 6665 index 77
error at char 6686 index 71
error at char 6687 index 35
error at char 6691 index 77
error at char 6702 index 77
error at char 6709 index 2
error at char 6710 index 77
error at char 6713 index 71
error at char 6722 index 77
error at char 6728 index 71
error at char 6730 index 71
error at char 6734 index 77
error at char 6735 index 71
error at char 6743 index 77
error at char 6745 index 77
error at char 6749 index 77
error at char 6752 index 77
error at char 6762 index 77
error at char 6772 index 77
error at char 6774 index 77
error at char 6784 index 71
error at char 6793 index 77
error at char 6794 index 71
error at char 6798 index 35
error at char 6814 index 2
error at char 6815 index 67
error at char 6819 index 104
error at char 6819 index 107
error at char 6823 index 71
error at char 6824 index 77
error at char 6833 index 77
error at char 6839 index 77
error at char 6851 index 71
error at char 6852 index 77
error at char 6860 index 103
error at char 6860 index 102
error at char 6862 index 71
error at char 6863 index 77
error at char 6864 index 71
error at char 6865 index 77
error at char 6868 index 104
error at char 6868 index 104
error at char 6871 index 71
error at char 6872 index 77
error at char 6875 index 104
error at char 6875 index 108
error at char 6877 index 71
error at char 6878 index 106
error at char 6882 index 77
error at char 6883 index 71
error at char 6885 index 2
error at char 6886 index 77
error at char 6889 index 77
error at char 6902 index 71
error at char 6912 index 77
error at char 6916 index 71
error at char 6918 index 71
error at char 6921 index 71
error at char 6932 index 77
error at char 6935 index 77
error at char 6948 index 71
error at char 6950 index 71
error at char 6951 index 77
error at char 6959 index 77
error at char 6963 index 71
error at char 6978 index 102
error at char 6978 index 102
error at char 6978 index 102
error at char 6978 index 102
error at char 6979 index 102
error at char 6979 index 102
error at char 6979 index 102
error at char 6979 index 103
error at char 6980 index 104
error at char 6980 index 103
error at char 6980 index 105
error at char 6980 index 105
error at char 6985 index 77
error at char 6987 index 77
error at char 6994 index 77
error at char 6995 index 67
error at char 7002 index 77
error at char 7012 index 77
error at char 7014 index 76
error at char 7020 index 77
error at char 7022 index 76
error at char 7042 index 77
error at char 7049 index 77
error at char 7063 index 77
error at char 7070 index 3
error at char 7071 index 2
error at char 7079 index 77
error at char 7086 index 77
error at char 7087 index 71
error at char 7098 index 71
error at char 7099 index 71
error at char 7108 index 77
error at char 7120 index 77
error at char 7126 index 77
error at char 7129 index 77
error at char 7133 index 71
error at char 7136 index 77
error at char 7137 index 67
error at char 7141 index 2
error at char 7148 index 77
error at char 7150 index 71
error at char 7159 index 77
error at char 7169 index 77
error at char 7180 index 77
error at char 7184 index 77
error at char 7192 index 77
error at char 7197 index 77
error at char 7203 index 77
error at char 7204 index 67
error at char 7229 index 77
error at char 7245 index 71
error at char 7307 index 71
error at char 7309 index 77
error at char 7313 index 77
error at char 7316 index 77
error at char 7324 index 71
error at char 7325 index 71
error at char 7338 index 76
error at char 7339 index 77
error at char 7342 index 71
error at char 7345 index 100
error at char 7356 index 77
error at char 7361 index 77
error at char 7369 index 3
error at char 7370 index 2
error at char 7377 index 77
error at char 7378 index 71
error at char 7386 index 77
error at char 7387 index 71
error at char 7395 index 77
error at char 7399 index 77
error at char 7400 index 71
error at char 7404 index 77
error at char 7408 index 77
error at char 7415 index 77
error at char 7421 index 77
error at char 7422 index 77
error at char 7435 index 77
error at char 7436 index 77
error at char 7438 index 35
error at char 7443 index 77
error at char 7444 index 77
error at char 7457 index 77
error at char 7458 index 77
error at char 7460 index 35
error at char 7468 index 77
error at char 7471 index 77
error at char 7480 index 77
error at char 7483 index 77
error at char 7490 index 71
error at char 7492 index 77
error at char 7501 index 71
error at char 7503 index 77
error at char 7507 index 76
error at char 7519 index 77
error at char 7521 index 35
error at char 7522 index 76
error at char 7533 index 77
error at char 7535 index 35
error at char 7537 index 2
error at char 7540 index 77
error at char 7554 index 77
error at char 7560 index 77
error at char 7563 index 72
error at char 7572 index 77
error at char 7573 index 77
error at char 7578 index 71
error at char 7581 index 77
error at char 7583 index 71
error at char 7585 index 77
error at char 7590 index 77
error at char 7591 index 77
error at char 7596 index 71
error at char 7610 index 77
error at char 7611 index 77
error at char 7621 index 77
error at char 7630 index 71
error at char 7644 index 77
error at char 7665 index 77
error at char 7668 index 67
error at char 7669 index 77
error at char 7677 index 77
error at char 7679 index 77
error at char 7688 index 77
error at char 7698 index 71
error at char 7701 index 67
error at char 7702 index 77
error at char 7709 index 77
error at char 7716 index 2
error at char 7727 index 77
error at char 7736 index 77
error at char 7741 index 71
error at char 7749 index 77
error at char 7758 index 2
error at char 7759 index 77
error at char 7762 index 77
error at char 7768 index 35
error at char 7771 index 2
error at char 7777 index 77
error at char 7786 index 77
error at char 7793 index 77
error at char 7799 index 2
error at char 7800 index 77
error at char 7802 index 35
error at char 7806 index 2
error at char 7807 index 77
error at char 7809 index 35
error at char 7811 index 77
error at char 7814 index 77
error at char 7819 index 77
error at char 7839 index 2
error at char 7855 index 77
error at char 7858 index 77
error at char 7862 index 77
error at char 7869 index 77
error at char 7870 index 3
error at char 7877 index 77
error at char 7885 index 67
error at char 7886 index 77
error at char 7896 index 77
error at char 7907 index 104
error at char 7907 index 102
error at char 7907 index 103
error at char 7910 index 77
error at char 7914 index 71
error at char 7921 index 77
error at char 7927 index 71
error at char 7928 index 77
error at char 7929 index 71
error at char 7940 index 77
error at char 7943 index 77
error at char 7947 index 77
error at char 7952 index 71
error at char 7952 index 100
error at char 7964 index 77
error at char 7969 index 71
error at char 7973 index 77
error at char 7997 index 77
error at char 8002 index 77
error at char 8003 index 71
error at char 8004 index 100
error at char 8014 index 2
error at char 8015 index 77
error at char 8034 index 77
error at char 8035 index 71
error at char 8037 index 71
error at char 8043 index 77
error at char 8048 index 2
error at char 8049 index 77
error at char 8051 index 35
